------------------------------------------------------------
Timing Analyzer Summary
------------------------------------------------------------

Type  : Slow 1100mV 85C Model Setup 'CLOCK_50'
Slack : -3.459
TNS   : -613.295

Type  : Slow 1100mV 85C Model Setup 'KEY2'
Slack : -2.477
TNS   : -193.600

Type  : Slow 1100mV 85C Model Hold 'KEY2'
Slack : 0.223
TNS   : 0.000

Type  : Slow 1100mV 85C Model Hold 'CLOCK_50'
Slack : 0.276
TNS   : 0.000

Type  : Slow 1100mV 85C Model Minimum Pulse Width 'CLOCK_50'
Slack : -2.174
TNS   : -1215.957

Type  : Slow 1100mV 85C Model Minimum Pulse Width 'KEY2'
Slack : -2.174
TNS   : -533.438

Type  : Slow 1100mV 0C Model Setup 'CLOCK_50'
Slack : -3.355
TNS   : -567.133

Type  : Slow 1100mV 0C Model Setup 'KEY2'
Slack : -2.451
TNS   : -176.716

Type  : Slow 1100mV 0C Model Hold 'KEY2'
Slack : 0.269
TNS   : 0.000

Type  : Slow 1100mV 0C Model Hold 'CLOCK_50'
Slack : 0.287
TNS   : 0.000

Type  : Slow 1100mV 0C Model Minimum Pulse Width 'CLOCK_50'
Slack : -2.174
TNS   : -1219.969

Type  : Slow 1100mV 0C Model Minimum Pulse Width 'KEY2'
Slack : -2.174
TNS   : -532.968

Type  : Fast 1100mV 85C Model Setup 'CLOCK_50'
Slack : -2.050
TNS   : -206.608

Type  : Fast 1100mV 85C Model Setup 'KEY2'
Slack : -0.794
TNS   : -51.799

Type  : Fast 1100mV 85C Model Hold 'CLOCK_50'
Slack : 0.133
TNS   : 0.000

Type  : Fast 1100mV 85C Model Hold 'KEY2'
Slack : 0.160
TNS   : 0.000

Type  : Fast 1100mV 85C Model Minimum Pulse Width 'CLOCK_50'
Slack : -2.174
TNS   : -1128.168

Type  : Fast 1100mV 85C Model Minimum Pulse Width 'KEY2'
Slack : -2.174
TNS   : -519.060

Type  : Fast 1100mV 0C Model Setup 'CLOCK_50'
Slack : -1.963
TNS   : -162.284

Type  : Fast 1100mV 0C Model Setup 'KEY2'
Slack : -0.688
TNS   : -33.075

Type  : Fast 1100mV 0C Model Hold 'CLOCK_50'
Slack : 0.121
TNS   : 0.000

Type  : Fast 1100mV 0C Model Hold 'KEY2'
Slack : 0.163
TNS   : 0.000

Type  : Fast 1100mV 0C Model Minimum Pulse Width 'CLOCK_50'
Slack : -2.174
TNS   : -1128.318

Type  : Fast 1100mV 0C Model Minimum Pulse Width 'KEY2'
Slack : -2.174
TNS   : -519.754

------------------------------------------------------------
